ASM6502 LISTING FOR helloc64.asm @ 2023-04-02 17:02

POS   PC    Code          Line# Assembler text
                          <<< FILE helloc64.asm >>>
                             1: ; C64 Hello World
                             2: ; assemble to .PRG file: asm6502 helloc64.asm helloc64.prg
                             3: 
                             4: 
                          <<< FILE c64prg.inc >>>
                             1: ; C64 .PRG file header and BASIC SYS command
                             2: 
                             3: LOAD_ADDR = $0801
                             4: 
0000  0000  01 08            5:         .word LOAD_ADDR         ; .PRG header: load address
                             6:         .org  LOAD_ADDR
                             7: 
                             8: basic_upstart:                  ; BASIC code: 10 SYS 2062
0002  0801  0C 08 0A         9:         .word @end, 10          ; ptr to next basic line and line number 10
0006  0805  9E 20 32 ...    10:         .byte $9E, " 2062", 0   ; SYS token and address string of subroutine
000D  080C  00 00           11: @end    .word 0                 ; null ptr to indicate end of basic text
                            12: 
                            13: start:                          ; this is at address 2062 ($080E)
                            14: 
                          <<< FILE helloc64.asm >>>
                             5: 
                          <<< FILE c64krnl.inc >>>
                             1: ; C64 KERNAL definitions
                             2: 
                             3: LISTEN = $FFB1
                             4: TALK   = $FFB4
                             5: OPEN   = $FFC0
                             6: CLOSE  = $FFC3
                             7: CHKIN  = $FFC6
                             8: CHKOUT = $FFC9
                             9: CLRCHN = $FFCC
                            10: CHRIN  = $FFCF
                            11: CHROUT = $FFD2
                            12: LOAD   = $FFD5
                            13: SAVE   = $FFD8
                            14: SETTIM = $FFDB
                            15: RDTIM  = $FFDE
                            16: STOP   = $FFE1
                            17: GETIN  = $FFE4
                            18: CLALL  = $FFE7
                            19: UDTIM  = $FFEA
                            20: SCREEN = $FFED
                            21: PLOT   = $FFF0
                            22: IOBASE = $FFF3
                            23: 
                          <<< FILE helloc64.asm >>>
                             6: 
                             7: start:
000F  080E  A2 00            8:         ldx #0
0011  0810  8D 20 D0         9:         sta $d020
0014  0813  BD 1F 08        10: @1      lda hello_msg,x
0017  0816  20 D2 FF        11:         jsr CHROUT
001A  0819  E8              12:         inx
001B  081A  E0 0F           13:         cpx #hello_len
001D  081C  D0 F5           14:         bne @1
001F  081E  60              15:         rts
                            16: 
                            17: CR = $0C
                            18: LF = $0A
                            19: 
0020  081F  48 45 4C ...    20: hello_msg .byte "HELLO, WORLD!", CR, LF
                            21: hello_len = @ - hello_msg
